[    0.000000] Initializing cgroup subsys cpuset
[    0.000000] Initializing cgroup subsys cpu
[    0.000000] Initializing cgroup subsys cpuacct
[    0.000000] Linux version 4.4.0-151-generic (buildd@lgw01-amd64-043) (gcc version 5.4.0 20160609 (Ubuntu 5.4.0-6ubuntu1~16.04.10) ) #178-Ubuntu SMP Tue Jun 11 08:30:22 UTC 2019 (Ubuntu 4.4.0-151.178-generic 4.4.179)
[    0.000000] Command line: BOOT_IMAGE=/boot/vmlinuz-4.4.0-151-generic root=UUID=1bbe14b0-e1b4-4636-83ed-ba0fa2a5acca ro console=tty1 console=ttyS0
[    0.000000] KERNEL supported cpus:
[    0.000000]   Intel GenuineIntel
[    0.000000]   AMD AuthenticAMD
[    0.000000]   Centaur CentaurHauls
[    0.000000] x86/fpu: xstate_offset[2]:  576, xstate_sizes[2]:  256
[    0.000000] x86/fpu: Supporting XSAVE feature 0x01: 'x87 floating point registers'
[    0.000000] x86/fpu: Supporting XSAVE feature 0x02: 'SSE registers'
[    0.000000] x86/fpu: Supporting XSAVE feature 0x04: 'AVX registers'
[    0.000000] x86/fpu: Enabled xstate features 0x7, context size is 832 bytes, using 'standard' format.
[    0.000000] e820: BIOS-provided physical RAM map:
[    0.000000] BIOS-e820: [mem 0x0000000000000000-0x000000000009fbff] usable
[    0.000000] BIOS-e820: [mem 0x000000000009fc00-0x000000000009ffff] reserved
[    0.000000] BIOS-e820: [mem 0x00000000000f0000-0x00000000000fffff] reserved
[    0.000000] BIOS-e820: [mem 0x0000000000100000-0x000000003ffeffff] usable
[    0.000000] BIOS-e820: [mem 0x000000003fff0000-0x000000003fffffff] ACPI data
[    0.000000] BIOS-e820: [mem 0x00000000fec00000-0x00000000fec00fff] reserved
[    0.000000] BIOS-e820: [mem 0x00000000fee00000-0x00000000fee00fff] reserved
[    0.000000] BIOS-e820: [mem 0x00000000fffc0000-0x00000000ffffffff] reserved
[    0.000000] NX (Execute Disable) protection: active
[    0.000000] SMBIOS 2.5 present.
[    0.000000] Hypervisor detected: KVM
[    0.000000] e820: last_pfn = 0x3fff0 max_arch_pfn = 0x400000000
[    0.000000] MTRR: Disabled
[    0.000000] x86/PAT: MTRRs disabled, skipping PAT initialization too.
[    0.000000] CPU MTRRs all blank - virtualized system.
[    0.000000] x86/PAT: Configuration [0-7]: WB  WT  UC- UC  WB  WT  UC- UC  
[    0.000000] found SMP MP-table at [mem 0x0009fff0-0x0009ffff] mapped at [ffff88000009fff0]
[    0.000000] Scanning 1 areas for low memory corruption
[    0.000000] RAMDISK: [mem 0x361ea000-0x370ecfff]
[    0.000000] ACPI: Early table checksum verification disabled
[    0.000000] ACPI: RSDP 0x00000000000E0000 000024 (v02 VBOX  )
[    0.000000] ACPI: XSDT 0x000000003FFF0030 00003C (v01 VBOX   VBOXXSDT 00000001 ASL  00000061)
[    0.000000] ACPI: FACP 0x000000003FFF00F0 0000F4 (v04 VBOX   VBOXFACP 00000001 ASL  00000061)
[    0.000000] ACPI: DSDT 0x000000003FFF0470 0022EA (v02 VBOX   VBOXBIOS 00000002 INTL 20100528)
[    0.000000] ACPI: FACS 0x000000003FFF0200 000040
[    0.000000] ACPI: FACS 0x000000003FFF0200 000040
[    0.000000] ACPI: APIC 0x000000003FFF0240 00005C (v02 VBOX   VBOXAPIC 00000001 ASL  00000061)
[    0.000000] ACPI: SSDT 0x000000003FFF02A0 0001CC (v01 VBOX   VBOXCPUT 00000002 INTL 20100528)
[    0.000000] No NUMA configuration found
[    0.000000] Faking a node at [mem 0x0000000000000000-0x000000003ffeffff]
[    0.000000] NODE_DATA(0) allocated [mem 0x3ffeb000-0x3ffeffff]
[    0.000000] kvm-clock: Using msrs 4b564d01 and 4b564d00
[    0.000000] kvm-clock: cpu 0, msr 0:3ffe3001, primary cpu clock
[    0.000000] kvm-clock: using sched offset of 5459495700 cycles
[    0.000000] clocksource: kvm-clock: mask: 0xffffffffffffffff max_cycles: 0x1cd42e4dffb, max_idle_ns: 881590591483 ns
[    0.000000] Zone ranges:
[    0.000000]   DMA      [mem 0x0000000000001000-0x0000000000ffffff]
[    0.000000]   DMA32    [mem 0x0000000001000000-0x000000003ffeffff]
[    0.000000]   Normal   empty
[    0.000000]   Device   empty
[    0.000000] Movable zone start for each node
[    0.000000] Early memory node ranges
[    0.000000]   node   0: [mem 0x0000000000001000-0x000000000009efff]
[    0.000000]   node   0: [mem 0x0000000000100000-0x000000003ffeffff]
[    0.000000] Initmem setup node 0 [mem 0x0000000000001000-0x000000003ffeffff]
[    0.000000] ACPI: PM-Timer IO Port: 0x4008
[    0.000000] IOAPIC[0]: apic_id 2, version 32, address 0xfec00000, GSI 0-23
[    0.000000] ACPI: INT_SRC_OVR (bus 0 bus_irq 0 global_irq 2 dfl dfl)
[    0.000000] ACPI: INT_SRC_OVR (bus 0 bus_irq 9 global_irq 9 low level)
[    0.000000] Using ACPI (MADT) for SMP configuration information
[    0.000000] smpboot: Allowing 2 CPUs, 0 hotplug CPUs
[    0.000000] PM: Registered nosave memory: [mem 0x00000000-0x00000fff]
[    0.000000] PM: Registered nosave memory: [mem 0x0009f000-0x0009ffff]
[    0.000000] PM: Registered nosave memory: [mem 0x000a0000-0x000effff]
[    0.000000] PM: Registered nosave memory: [mem 0x000f0000-0x000fffff]
[    0.000000] e820: [mem 0x40000000-0xfebfffff] available for PCI devices
[    0.000000] Booting paravirtualized kernel on KVM
[    0.000000] clocksource: refined-jiffies: mask: 0xffffffff max_cycles: 0xffffffff, max_idle_ns: 7645519600211568 ns
[    0.000000] setup_percpu: NR_CPUS:512 nr_cpumask_bits:512 nr_cpu_ids:2 nr_node_ids:1
[    0.000000] PERCPU: Embedded 34 pages/cpu @ffff88003fc00000 s99480 r8192 d31592 u1048576
[    0.000000] Built 1 zonelists in Node order, mobility grouping on.  Total pages: 257912
[    0.000000] Policy zone: DMA32
[    0.000000] Kernel command line: BOOT_IMAGE=/boot/vmlinuz-4.4.0-151-generic root=UUID=1bbe14b0-e1b4-4636-83ed-ba0fa2a5acca ro console=tty1 console=ttyS0
[    0.000000] PID hash table entries: 4096 (order: 3, 32768 bytes)
[    0.000000] Memory: 997188K/1048120K available (8613K kernel code, 1335K rwdata, 4028K rodata, 1484K init, 1284K bss, 50932K reserved, 0K cma-reserved)
[    0.000000] SLUB: HWalign=64, Order=0-3, MinObjects=0, CPUs=2, Nodes=1
[    0.000000] Kernel/User page tables isolation: enabled
[    0.000000] Hierarchical RCU implementation.
[    0.000000] 	Build-time adjustment of leaf fanout to 64.
[    0.000000] 	RCU restricting CPUs from NR_CPUS=512 to nr_cpu_ids=2.
[    0.000000] RCU: Adjusting geometry for rcu_fanout_leaf=64, nr_cpu_ids=2
[    0.000000] NR_IRQS:33024 nr_irqs:440 16
[    0.000000] Console: colour VGA+ 80x25
[    0.000000] console [tty1] enabled
[    0.000000] console [ttyS0] enabled
[    0.000000] tsc: Detected 2303.996 MHz processor
[    0.156754] Calibrating delay loop (skipped) preset value.. 4607.99 BogoMIPS (lpj=9215984)
[    0.158610] pid_max: default: 32768 minimum: 301
[    0.159533] ACPI: Core revision 20150930
[    0.161679] ACPI: 2 ACPI AML tables successfully acquired and loaded
[    0.163017] Security Framework initialized
[    0.163862] Yama: becoming mindful.
[    0.164654] AppArmor: AppArmor initialized
[    0.165615] Dentry cache hash table entries: 131072 (order: 8, 1048576 bytes)
[    0.169433] Inode-cache hash table entries: 65536 (order: 7, 524288 bytes)
[    0.170721] Mount-cache hash table entries: 2048 (order: 2, 16384 bytes)
[    0.171969] Mountpoint-cache hash table entries: 2048 (order: 2, 16384 bytes)
[    0.173305] Initializing cgroup subsys io
[    0.174129] Initializing cgroup subsys memory
[    0.174994] Initializing cgroup subsys devices
[    0.176031] Initializing cgroup subsys freezer
[    0.176974] Initializing cgroup subsys net_cls
[    0.177860] Initializing cgroup subsys perf_event
[    0.178775] Initializing cgroup subsys net_prio
[    0.179699] Initializing cgroup subsys hugetlb
[    0.180627] Initializing cgroup subsys pids
[    0.182443] mce: CPU supports 0 MCE banks
[    0.183284] Last level iTLB entries: 4KB 64, 2MB 8, 4MB 8
[    0.184318] Last level dTLB entries: 4KB 64, 2MB 0, 4MB 0, 1GB 4
[    0.185415] Spectre V2 : Mitigation: Full generic retpoline
[    0.186446] Spectre V2 : Spectre v2 / SpectreRSB mitigation: Filling RSB on context switch
[    0.188029] Speculative Store Bypass: Vulnerable
[    0.189045] MDS: Vulnerable: Clear CPU buffers attempted, no microcode
[    0.193017] Freeing SMP alternatives memory: 36K
[    0.199360] ftrace: allocating 32299 entries in 127 pages
[    0.257270] smpboot: APIC(0) Converting physical 0 to logical package 0
[    0.258555] smpboot: Max logical packages: 1
[    0.259857] x2apic enabled
[    0.260786] Switched APIC routing to physical x2apic.
[    0.262962] ..TIMER: vector=0x30 apic1=0 pin1=2 apic2=-1 pin2=-1
[    0.371863] smpboot: CPU0: Intel(R) Core(TM) i5-8300H CPU @ 2.30GHz (family: 0x6, model: 0x9e, stepping: 0xa)
[    0.374809] Performance Events: unsupported p6 CPU model 158 no PMU driver, software events only.
[    0.388225] KVM setup paravirtual spinlock
[    0.390172] x86: Booting SMP configuration:
[    0.391201] .... node  #0, CPUs:      #1
[    0.392370] kvm-clock: cpu 1, msr 0:3ffe3041, secondary cpu clock
[    0.395606] mce: CPU supports 0 MCE banks
[    0.407000] x86: Booted up 1 node, 2 CPUs
[    0.408436] smpboot: Total of 2 processors activated (9215.98 BogoMIPS)
[    0.410409] devtmpfs: initialized
[    0.413073] evm: security.selinux
[    0.413935] evm: security.SMACK64
[    0.414743] evm: security.SMACK64EXEC
[    0.415650] evm: security.SMACK64TRANSMUTE
[    0.416537] evm: security.SMACK64MMAP
[    0.417331] evm: security.ima
[    0.418013] evm: security.capability
[    0.419005] clocksource: jiffies: mask: 0xffffffff max_cycles: 0xffffffff, max_idle_ns: 7645041785100000 ns
[    0.420867] futex hash table entries: 512 (order: 3, 32768 bytes)
[    0.422119] pinctrl core: initialized pinctrl subsystem
[    0.423286] RTC time:  1:30:17, date: 06/28/19
[    0.424313] NET: Registered protocol family 16
[    0.435541] cpuidle: using governor ladder
[    0.447723] cpuidle: using governor menu
[    0.448586] PCCT header not found.
[    0.449426] ACPI: bus type PCI registered
[    0.450305] acpiphp: ACPI Hot Plug PCI Controller Driver version: 0.5
[    0.451667] PCI: Using configuration type 1 for base access
[    0.464656] ACPI: Added _OSI(Module Device)
[    0.465603] ACPI: Added _OSI(Processor Device)
[    0.466505] ACPI: Added _OSI(3.0 _SCP Extensions)
[    0.467571] ACPI: Added _OSI(Processor Aggregator Device)
[    0.469242] ACPI: Executed 1 blocks of module-level executable AML code
[    0.472605] ACPI: Interpreter enabled
[    0.473527] ACPI: (supports S0 S5)
[    0.474285] ACPI: Using IOAPIC for interrupt routing
[    0.475672] PCI: Using host bridge windows from ACPI; if necessary, use "pci=nocrs" and report a bug
[    0.480666] ACPI: PCI Root Bridge [PCI0] (domain 0000 [bus 00-ff])
[    0.481785] acpi PNP0A03:00: _OSC: OS supports [ASPM ClockPM Segments MSI]
[    0.483327] acpi PNP0A03:00: _OSC: not requesting OS control; OS requires [ExtendedConfig ASPM ClockPM MSI]
[    0.485243] acpi PNP0A03:00: fail to add MMCONFIG information, can't access extended PCI configuration space under this bridge.
[    0.487650] PCI host bridge to bus 0000:00
[    0.488479] pci_bus 0000:00: root bus resource [io  0x0000-0x0cf7 window]
[    0.489659] pci_bus 0000:00: root bus resource [io  0x0d00-0xffff window]
[    0.490886] pci_bus 0000:00: root bus resource [mem 0x000a0000-0x000bffff window]
[    0.492480] pci_bus 0000:00: root bus resource [mem 0x40000000-0xfdffffff window]
[    0.493998] pci_bus 0000:00: root bus resource [bus 00-ff]
[    0.496604] pci 0000:00:01.1: legacy IDE quirk: reg 0x10: [io  0x01f0-0x01f7]
[    0.497835] pci 0000:00:01.1: legacy IDE quirk: reg 0x14: [io  0x03f6]
[    0.499026] pci 0000:00:01.1: legacy IDE quirk: reg 0x18: [io  0x0170-0x0177]
[    0.500288] pci 0000:00:01.1: legacy IDE quirk: reg 0x1c: [io  0x0376]
[    0.515417] pci 0000:00:07.0: quirk: [io  0x4000-0x403f] claimed by PIIX4 ACPI
[    0.533012] pci 0000:00:07.0: quirk: [io  0x4100-0x410f] claimed by PIIX4 SMB
[    0.538953] ACPI: PCI Interrupt Link [LNKA] (IRQs 5 9 10 *11)
[    0.540731] ACPI: PCI Interrupt Link [LNKB] (IRQs 5 9 *10 11)
[    0.542445] ACPI: PCI Interrupt Link [LNKC] (IRQs 5 *9 10 11)
[    0.544069] ACPI: PCI Interrupt Link [LNKD] (IRQs 5 9 10 *11)
[    0.545760] ACPI: Enabled 2 GPEs in block 00 to 07
[    0.547171] vgaarb: setting as boot device: PCI:0000:00:02.0
[    0.548247] vgaarb: device added: PCI:0000:00:02.0,decodes=io+mem,owns=io+mem,locks=none
[    0.549834] vgaarb: loaded
[    0.550566] vgaarb: bridge control possible 0000:00:02.0
[    0.551845] SCSI subsystem initialized
[    0.552794] ACPI: bus type USB registered
[    0.553645] usbcore: registered new interface driver usbfs
[    0.554863] usbcore: registered new interface driver hub
[    0.555954] usbcore: registered new device driver usb
[    0.557272] PCI: Using ACPI for IRQ routing
[    0.558410] NetLabel: Initializing
[    0.559217] NetLabel:  domain hash size = 128
[    0.560087] NetLabel:  protocols = UNLABELED CIPSOv4
[    0.563591] NetLabel:  unlabeled traffic allowed by default
[    0.564925] amd_nb: Cannot enumerate AMD northbridges
[    0.565998] clocksource: Switched to clocksource kvm-clock
[    0.576700] AppArmor: AppArmor Filesystem Enabled
[    0.577681] pnp: PnP ACPI init
[    0.579071] pnp: PnP ACPI: found 3 devices
[    0.589236] clocksource: acpi_pm: mask: 0xffffff max_cycles: 0xffffff, max_idle_ns: 2085701024 ns
[    0.590998] NET: Registered protocol family 2
[    0.592107] TCP established hash table entries: 8192 (order: 4, 65536 bytes)
[    0.593402] TCP bind hash table entries: 8192 (order: 5, 131072 bytes)
[    0.594611] TCP: Hash tables configured (established 8192 bind 8192)
[    0.595960] UDP hash table entries: 512 (order: 2, 16384 bytes)
[    0.597128] UDP-Lite hash table entries: 512 (order: 2, 16384 bytes)
[    0.598429] NET: Registered protocol family 1
[    0.599334] pci 0000:00:00.0: Limiting direct PCI/PCI transfers
[    0.600466] pci 0000:00:01.0: Activating ISA DMA hang workarounds
[    0.601721] Unpacking initramfs...
[    0.812435] Freeing initrd memory: 15372K
[    0.813413] clocksource: tsc: mask: 0xffffffffffffffff max_cycles: 0x2135f449559, max_idle_ns: 440795312421 ns
[    0.815457] platform rtc_cmos: registered platform RTC device (no PNP device found)
[    0.817088] Scanning for low memory corruption every 60 seconds
[    0.818803] audit: initializing netlink subsys (disabled)
[    0.819850] audit: type=2000 audit(1561685424.620:1): initialized
[    0.821174] Initialise system trusted keyring
[    0.822322] HugeTLB registered 2 MB page size, pre-allocated 0 pages
[    0.824553] zbud: loaded
[    0.825703] VFS: Disk quotas dquot_6.6.0
[    0.826679] VFS: Dquot-cache hash table entries: 512 (order 0, 4096 bytes)
[    0.828162] squashfs: version 4.0 (2009/01/31) Phillip Lougher
[    0.829660] fuse init (API version 7.23)
[    0.830773] Key type big_key registered
[    0.831594] Allocating IMA MOK and blacklist keyrings.
[    0.835304] Key type asymmetric registered
[    0.836144] Asymmetric key parser 'x509' registered
[    0.837124] Block layer SCSI generic (bsg) driver version 0.4 loaded (major 249)
[    0.838825] io scheduler noop registered
[    0.839683] io scheduler deadline registered (default)
[    0.840681] io scheduler cfq registered
[    0.841571] pci_hotplug: PCI Hot Plug PCI Core version: 0.5
[    0.842680] pciehp: PCI Express Hot Plug Controller Driver version: 0.4
[    0.844035] ACPI: AC Adapter [AC] (on-line)
[    0.844933] input: Power Button as /devices/LNXSYSTM:00/LNXPWRBN:00/input/input0
[    0.846494] ACPI: Power Button [PWRF]
[    0.847372] input: Sleep Button as /devices/LNXSYSTM:00/LNXSLPBN:00/input/input1
[    0.848868] ACPI: Sleep Button [SLPF]
[    0.849860] GHES: HEST is not enabled!
[    0.850449] ACPI: Battery Slot [BAT0] (battery present)
[    0.851914] Serial: 8250/16550 driver, 32 ports, IRQ sharing enabled
 !"#$%&'()*+,-./0123456789:;<=>?@ABCDEFGHIJKLMNOPQRSTUVWXYZ[\]^_`abcdefghijklmnopqrstuvwxyz{|}~ÄÅÇÉÑÖÜáàâäãåçéèêëíìîïñóòôöõúùûü†°¢£§•¶ß®©™´¨≠ÆØ∞±≤≥¥µ∂∑∏π∫ªºΩæø¿¡¬√ƒ≈∆«»… ÀÃÕŒœ–—“”‘’÷◊ÿŸ⁄€‹›ﬁﬂ‡·‚„‰ÂÊÁËÈÍÎÏÌÓÔÒÚÛÙıˆ˜¯˘˙˚¸˝˛ˇ[    0.874734] 00:02: ttyS0 at I/O 0x3f8 (irq = 4, base_baud = 115200) is a 16550A
[    0.880017] Linux agpgart interface v0.103
[    0.885685] loop: module loaded
[    0.887138] scsi host0: ata_piix
[    0.888142] scsi host1: ata_piix
[    0.888896] ata1: PATA max UDMA/33 cmd 0x1f0 ctl 0x3f6 bmdma 0xd000 irq 14
[    0.890138] ata2: PATA max UDMA/33 cmd 0x170 ctl 0x376 bmdma 0xd008 irq 15
[    0.891469] libphy: Fixed MDIO Bus: probed
[    0.892420] tun: Universal TUN/TAP device driver, 1.6
[    0.893391] tun: (C) 1999-2004 Max Krasnyansky <maxk@qualcomm.com>
[    0.894705] PPP generic driver version 2.4.2
[    0.895724] ehci_hcd: USB 2.0 'Enhanced' Host Controller (EHCI) Driver
[    0.896981] ehci-pci: EHCI PCI platform driver
[    0.897896] ehci-platform: EHCI generic platform driver
[    0.898981] ohci_hcd: USB 1.1 'Open' Host Controller (OHCI) Driver
[    0.900153] ohci-pci: OHCI PCI platform driver
[    0.901049] ohci-platform: OHCI generic platform driver
[    0.902053] uhci_hcd: USB Universal Host Controller Interface driver
[    0.903315] i8042: PNP: PS/2 Controller [PNP0303:PS2K,PNP0f03:PS2M] at 0x60,0x64 irq 1,12
[    0.905359] serio: i8042 KBD port at 0x60,0x64 irq 1
[    0.906335] serio: i8042 AUX port at 0x60,0x64 irq 12
[    0.907671] mousedev: PS/2 mouse device common for all mice
[    0.909223] input: AT Translated Set 2 keyboard as /devices/platform/i8042/serio0/input/input2
[    0.911479] rtc_cmos rtc_cmos: rtc core: registered rtc_cmos as rtc0
[    0.912670] rtc_cmos rtc_cmos: alarms up to one day, 114 bytes nvram
[    0.913862] i2c /dev entries driver
[    0.914744] device-mapper: uevent: version 1.0.3
[    0.915863] device-mapper: ioctl: 4.34.0-ioctl (2015-10-28) initialised: dm-devel@redhat.com
[    0.917525] ledtrig-cpu: registered to indicate activity on CPUs
[    0.919602] NET: Registered protocol family 10
[    0.920751] NET: Registered protocol family 17
[    0.921709] Key type dns_resolver registered
[    0.923444] registered taskstats version 1
[    0.924300] Loading compiled-in X.509 certificates
[    0.925730] Loaded X.509 cert 'Build time autogenerated kernel key: 7ba2dee60acc6d70f0ebdb64460d59d2cf8df5ff'
[    0.927824] zswap: loaded using pool lzo/zbud
[    0.930708] Key type trusted registered
[    0.935300] Key type encrypted registered
[    0.936182] AppArmor: AppArmor sha1 policy hashing enabled
[    0.937192] ima: No TPM chip found, activating TPM-bypass!
[    0.938199] ima: Allocated hash algorithm: sha1
[    0.939129] evm: HMAC attrs: 0x1
[    0.940251]   Magic number: 7:684:509
[    0.941055] ata_piix 0000:00:01.1: hash matches
[    0.942111] rtc_cmos rtc_cmos: setting system clock to 2019-06-28 01:30:18 UTC (1561685418)
[    0.943939] BIOS EDD facility v0.16 2004-Jun-25, 0 devices found
[    0.945024] EDD information not available.
[    1.050001] Freeing unused kernel memory: 1484K
[    1.053545] Write protecting the kernel read-only data: 14336k
[    1.059592] Freeing unused kernel memory: 1616K
[    1.063755] Freeing unused kernel memory: 68K
Loading, please wait...
starting version 229
[    1.112833] random: systemd-udevd: uninitialized urandom read (16 bytes read, 3 bits of entropy available)
[    1.114356] random: udevadm: uninitialized urandom read (16 bytes read, 3 bits of entropy available)
[    1.114406] random: udevadm: uninitialized urandom read (16 bytes read, 3 bits of entropy available)
[    1.136775] random: systemd-udevd: uninitialized urandom read (16 bytes read, 3 bits of entropy available)
[    1.141587] random: systemd-udevd: uninitialized urandom read (16 bytes read, 3 bits of entropy available)
[    1.143126] random: udevadm: uninitialized urandom read (16 bytes read, 3 bits of entropy available)
[    1.143194] random: udevadm: uninitialized urandom read (16 bytes read, 3 bits of entropy available)
[    1.143435] random: udevadm: uninitialized urandom read (16 bytes read, 3 bits of entropy available)
[    1.143522] random: udevadm: uninitialized urandom read (16 bytes read, 3 bits of entropy available)
[    1.143611] random: udevadm: uninitialized urandom read (16 bytes read, 3 bits of entropy available)
[    1.190200] e1000: Intel(R) PRO/1000 Network Driver - version 7.3.21-k8-NAPI
[    1.191505] e1000: Copyright (c) 1999-2006 Intel Corporation.
[    1.192762] Fusion MPT base driver 3.04.20
[    1.193659] Copyright (c) 1999-2008 LSI Corporation
[    1.200261] Fusion MPT SPI Host driver 3.04.20
[    1.209984] AVX2 version of gcm_enc/dec engaged.
[    1.210960] AES CTR mode by8 optimization enabled
[    1.399286] input: ImExPS/2 Generic Explorer Mouse as /devices/platform/i8042/serio1/input/input4
[    1.570339] e1000 0000:00:03.0 eth0: (PCI:33MHz:32-bit) 02:11:c2:af:aa:45
[    1.571801] e1000 0000:00:03.0 eth0: Intel(R) PRO/1000 Network Connection
[    1.574033] mptbase: ioc0: Initiating bringup
[    1.574695] e1000 0000:00:03.0 enp0s3: renamed from eth0
[    1.638998] ioc0: LSI53C1030 A0: Capabilities={Initiator}
[    1.810378] scsi host2: ioc0: LSI53C1030 A0, FwRev=00000000h, Ports=1, MaxQ=256, IRQ=20
[    1.936213] scsi 2:0:0:0: Direct-Access     VBOX     HARDDISK         1.0  PQ: 0 ANSI: 5
[    1.943413] scsi target2:0:0: Beginning Domain Validation
[    1.953926] scsi target2:0:0: Domain Validation skipping write tests
[    1.959755] scsi target2:0:0: Ending Domain Validation
[    1.964241] scsi target2:0:0: asynchronous
[    1.970475] scsi 2:0:1:0: Direct-Access     VBOX     HARDDISK         1.0  PQ: 0 ANSI: 5
[    1.977781] scsi target2:0:1: Beginning Domain Validation
[    1.987514] scsi target2:0:1: Domain Validation skipping write tests
[    1.993026] scsi target2:0:1: Ending Domain Validation
[    1.997738] scsi target2:0:1: asynchronous
[    2.022225] sd 2:0:0:0: [sda] 20971520 512-byte logical blocks: (10.7 GB/10.0 GiB)
[    2.042179] sd 2:0:0:0: Attached scsi generic sg0 type 0
[    2.044120] sd 2:0:1:0: Attached scsi generic sg1 type 0
[    2.045510] sd 2:0:1:0: [sdb] 20480 512-byte logical blocks: (10.5 MB/10.0 MiB)
[    2.047512] sd 2:0:0:0: [sda] Write Protect is off
[    2.048861] sd 2:0:1:0: [sdb] Write Protect is off
[    2.050156] sd 2:0:0:0: [sda] Incomplete mode parameter data
[    2.051498] sd 2:0:0:0: [sda] Assuming drive cache: write through
[    2.052786] sd 2:0:1:0: [sdb] Incomplete mode parameter data
[    2.054138] sd 2:0:1:0: [sdb] Assuming drive cache: write through
[    2.083261]  sda: sda1
[    2.085494] sd 2:0:0:0: [sda] Attached SCSI disk
[    2.104729] sd 2:0:1:0: [sdb] Attached SCSI disk
Begin: Loading essential drivers ... [    3.705415] md: linear personality registered for level -1
[    3.708912] md: multipath personality registered for level -4
[    3.712031] md: raid0 personality registered for level 0
[    3.716319] md: raid1 personality registered for level 1
[    3.786280] raid6: sse2x1   gen() 12344 MB/s
[    3.854240] raid6: sse2x1   xor()  9536 MB/s
[    3.922031] raid6: sse2x2   gen()  8916 MB/s
[    3.990427] raid6: sse2x2   xor()  9488 MB/s
[    4.058275] raid6: sse2x4   gen() 18255 MB/s
[    4.126116] raid6: sse2x4   xor() 12305 MB/s
[    4.194078] raid6: avx2x1   gen() 26195 MB/s
[    4.262322] raid6: avx2x2   gen() 29621 MB/s
[    4.330239] raid6: avx2x4   gen() 33384 MB/s
[    4.331119] raid6: using algorithm avx2x4 gen() 33384 MB/s
[    4.332148] raid6: using avx2x2 recovery algorithm
[    4.334276] xor: automatically using best checksumming function:
[    4.374131]    avx       : 26978.000 MB/sec
[    4.376119] async_tx: api initialized (async)
[    4.385325] md: raid6 personality registered for level 6
[    4.386433] md: raid5 personality registered for level 5
[    4.387468] md: raid4 personality registered for level 4
[    4.393672] md: raid10 personality registered for level 10
done.
Begin: Running /scripts/init-premount ... done.
Begin: Mounting root file system ... Begin: Running /scripts/local-top ... done.
Begin: Running /scripts/local-premount ... [    4.421673] Btrfs loaded
Scanning for Btrfs filesystems
done.
Warning: fsck not present, so skipping root file system
[    4.594649] EXT4-fs (sda1): mounted filesystem with ordered data mode. Opts: (null)
done.
Begin: Running /scripts/local-bottom ... done.
Begin: Running /scripts/init-bottom ... done.
[    5.555809] random: nonblocking pool is initialized
[    5.787103] systemd[1]: systemd 229 running in system mode. (+PAM +AUDIT +SELINUX +IMA +APPARMOR +SMACK +SYSVINIT +UTMP +LIBCRYPTSETUP +GCRYPT +GNUTLS +ACL +XZ -LZ4 +SECCOMP +BLKID +ELFUTILS +KMOD -IDN)
[    5.801866] systemd[1]: Detected virtualization oracle.
[    5.806530] systemd[1]: Detected architecture x86-64.

Welcome to [1mUbuntu 16.04.6 LTS[0m!

[    5.856909] systemd[1]: Set hostname to <ubuntu-xenial>.
[    7.131400] systemd[1]: Listening on Syslog Socket.
[[0;32m  OK  [0m] Listening on Syslog Socket.
[    7.140810] systemd[1]: Listening on /dev/initctl Compatibility Named Pipe.
[[0;32m  OK  [0m] Listening on /dev/initctl Compatibility Named Pipe.
[    7.498235] systemd[1]: Listening on LVM2 poll daemon socket.
[[0;32m  OK  [0m] Listening on LVM2 poll daemon socket.
[    7.507036] systemd[1]: Reached target Encrypted Volumes.
[[0;32m  OK  [0m] Reached target Encrypted Volumes.
[    7.514190] systemd[1]: Listening on udev Kernel Socket.
[[0;32m  OK  [0m] Listening on udev Kernel Socket.
[    7.530697] systemd[1]: Set up automount Arbitrary Executable File Formats File System Automount Point.
[[0;32m  OK  [0m] Set up automount Arbitrary Executab...ats File System Automount Point.
[    7.543438] systemd[1]: Listening on Journal Socket (/dev/log).
[[0;32m  OK  [0m] Listening on Journal Socket (/dev/log).
[    7.551059] systemd[1]: Listening on Device-mapper event daemon FIFOs.
[[0;32m  OK  [0m] Listening on Device-mapper event daemon FIFOs.
[    7.560109] systemd[1]: Listening on udev Control Socket.
[[0;32m  OK  [0m] Listening on udev Control Socket.
[    7.567998] systemd[1]: Reached target Swap.
[[0;32m  OK  [0m] Reached target Swap.
[    7.574255] systemd[1]: Started Forward Password Requests to Wall Directory Watch.
[[0;32m  OK  [0m] Started Forward Password Requests to Wall Directory Watch.
[    7.585330] systemd[1]: Listening on LVM2 metadata daemon socket.
[[0;32m  OK  [0m] Listening on LVM2 metadata daemon socket.
[    7.594184] systemd[1]: Listening on Journal Socket.
[[0;32m  OK  [0m] Listening on Journal Socket.
[    7.805105] systemd[1]: Reached target System Time Synchronized.
[[0;32m  OK  [0m] Reached target System Time Synchronized.
[    7.812984] systemd[1]: Started Trigger resolvconf update for networkd DNS.
[[0;32m  OK  [0m] Started Trigger resolvconf update for networkd DNS.
[    7.823442] systemd[1]: Created slice User and Session Slice.
[[0;32m  OK  [0m] Created slice User and Session Slice.
[    7.831957] systemd[1]: Created slice System Slice.
[[0;32m  OK  [0m] Created slice System Slice.
[    8.414679] systemd[1]: Reached target Slices.
[[0;32m  OK  [0m] Reached target Slices.
[    8.439059] systemd[1]: Starting Nameserver information manager...
         Starting Nameserver information manager...
[    8.442323] systemd[1]: Starting Set console keymap...
         Starting Set console keymap...
[    8.682936] systemd[1]: Starting Load Kernel Modules...
         Starting Load Kernel Modules...
[    8.700780] systemd[1]: Starting Monitoring of LVM2 mirrors, snapshots etc. using dmeventd or progress polling...
         Starting Monitoring of LVM2 mirrors... dmeventd or progress polling...
[    8.717891] systemd[1]: Created slice system-serial\x2dgetty.slice.
[[0;32m  OK  [0m] Created slice system-serial\x2dgetty.slice.
[    8.748952] systemd[1]: Starting Remount Root and Kernel File Systems...
         Starting Remount Root and Kernel File Systems...
[    8.775804] systemd[1]: Created slice system-postgresql.slice.
[[0;32m  OK  [0m] Created slice system-postgresql.slice.
[    8.807194] systemd[1]: Starting Create list of required static device nodes for the current kernel...
         Starting Create list of required st... nodes for the current kernel...
[    8.822504] systemd[1]: Mounting POSIX Message Queue File System...
         Mounting POSIX Message Queue File System...
[    8.841744] systemd[1]: Mounting Huge Pages File System...
         Mounting Huge Pages File System...
[    8.851344] systemd[1]: Reached target User and Group Name Lookups.
[[0;32m  OK  [0m] Reached target User and Group Name Lookups.
[    8.863143] EXT4-fs (sda1): re-mounted. Opts: (null)
[    8.865249] systemd[1]: Starting Uncomplicated firewall...
         Starting Uncomplicated firewall...
[    8.879407] systemd[1]: Mounting Debug File System...
         Mounting Debug File System...
[    8.899043] systemd[1]: Listening on Journal Audit Socket.
[    8.899283] Loading iSCSI transport class v2.0-870.
[[0;32m  OK  [0m] Listening on Journal Audit Socket.
[    8.923146] systemd[1]: Starting Journal Service...
         Starting Journal Service...
[    8.943666] systemd[1]: Mounted Debug File System.
[[0;32m  OK  [0m] Mounted Debug File System.
[    8.953666] systemd[1]: Mounted POSIX Message Queue File System.
[[0;32m  OK  [0m] Mounted POSIX Message Queue File System.
[    8.961800] systemd[1]: Mounted Huge Pages File System.
[[0;32m  OK  [0m] Mounted Huge Pages File System.
[    8.997247] systemd[1]: Started Remount Root and Kernel File Systems.
[[0;32m  OK  [0m] Started Remount Root and Kernel File Systems.
[    9.008742] systemd[1]: Started Create list of required static device nodes for the current kernel.
[[0;32m  OK  [0m] Started Create list of required sta...ce nodes for the current kernel.
[    9.024144] systemd[1]: Started Uncomplicated firewall.
[[0;32m  OK  [0m] Started Uncomplicated firewall.
[    9.056746] iscsi: registered transport (tcp)
[    9.072773] systemd[1]: Started Nameserver information manager.
[[0;32m  OK  [0m] Started Nameserver information manager.
[    9.210115] systemd[1]: Started Set console keymap.
[[0;32m  OK  [0m] Started Set console keymap.
[    9.219301] systemd[1]: Started Journal Service.
[[0;32m  OK  [0m] Started Journal Service.
[[0;32m  OK  [0m] Started LVM2 metadata daemon.
         Starting Create Static Device Nodes in /dev...
         Starting Load/Save Random Seed...
         Starting udev Coldplug all Devices...
         Starting Flush Journal to Persistent Storage...
[    9.300996] iscsi: registered transport (iser)
[[0;32m  OK  [0m] Started Load Kernel Modules.
         Starting Apply Kernel Variables...
         Mounting FUSE Control File System...
[[0;32m  OK  [0m] Mounted FUSE Control File System.
[[0;32m  OK  [0m] Started udev Coldplug all Devices.
[    9.337297] systemd-journald[408]: Received request to flush runtime journal from PID 1
[[0;32m  OK  [0m] Started Load/Save Random Seed.
[[0;32m  OK  [0m] Started Flush Journal to Persistent Storage.
[[0;32m  OK  [0m] Started Apply Kernel Variables.
[[0;32m  OK  [0m] Started Create Static Device Nodes in /dev.
[[0;32m  OK  [0m] Started Monitoring of LVM2 mirrors,...ng dmeventd or progress polling.
[[0;32m  OK  [0m] Reached target Local File Systems (Pre).
[[0;32m  OK  [0m] Reached target Local File Systems.
         Starting LSB: AppArmor initialization...
         Starting Tell Plymouth To Write Out Runtime Data...
         Starting Create Volatile Files and Directories...
         Starting Set console font and keymap...
         Starting Initial cloud-init job (pre-networking)...
         Starting udev Kernel Device Manager...
[[0;32m  OK  [0m] Started Tell Plymouth To Write Out Runtime Data.
[[0;32m  OK  [0m] Started Create Volatile Files and Directories.
         Starting Update UTMP about System Boot/Shutdown...
[[0;32m  OK  [0m] Started Update UTMP about System Boot/Shutdown.
[[0;32m  OK  [0m] Started udev Kernel Device Manager.
[[0;32m  OK  [0m] Started Dispatch Password Requests to Console Directory Watch.
[[0;32m  OK  [0m] Found device /dev/ttyS0.
[[0;32m  OK  [0m] Listening on Load/Save RF Kill Switch Status /dev/rfkill Watch.
[[0;32m  OK  [0m] Started Set console font and keymap.
[[0;32m  OK  [0m] Created slice system-getty.slice.
[[0;32m  OK  [0m] Found device 82540EM Gigabit Ethern...r (PRO/1000 MT Desktop Adapter).
[[0;32m  OK  [0m] Started LSB: AppArmor initialization.
[   15.575785] cloud-init[478]: Cloud-init v. 18.5-45-g3554ffe8-0ubuntu1~16.04.1 running 'init-local' at Fri, 28 Jun 2019 01:30:32 +0000. Up 14.57 seconds.
[[0;32m  OK  [0m] Started Initial cloud-init job (pre-networking).
[[0;32m  OK  [0m] Reached target Network (Pre).
[[0;32m  OK  [0m] Started ifup for enp0s3.
         Starting Raise network interfaces...
[[0;32m  OK  [0m] Started Raise network interfaces.
         Starting Initial cloud-init job (metadata service crawler)...
[[0;32m  OK  [0m] Reached target Network.
[   16.881549] cloud-init[962]: Cloud-init v. 18.5-45-g3554ffe8-0ubuntu1~16.04.1 running 'init' at Fri, 28 Jun 2019 01:30:34 +0000. Up 16.20 seconds.
[   16.892946] cloud-init[962]: ci-info: ++++++++++++++++++++++++++++++++++++++Net device info++++++++++++++++++++++++++++++++++++++
[   16.895853] cloud-init[962]: ci-info: +--------+------+----------------------------+---------------+--------+-------------------+
[   16.898815] cloud-init[962]: ci-info: | Device |  Up  |          Address           |      Mask     | Scope  |     Hw-Address    |
[   16.901198] cloud-init[962]: ci-info: +--------+------+----------------------------+---------------+--------+-------------------+
[   16.904399] cloud-init[962]: ci-info: | enp0s3 | True |         10.0.2.15          | 255.255.255.0 | global | 02:11:c2:af:aa:45 |
[   16.909670] cloud-init[962]: ci-info: | enp0s3 | True | fe80::11:c2ff:feaf:aa45/64 |       .       |  link  | 02:11:c2:af:aa:45 |
[   16.916986] cloud-init[962]: ci-info: |   lo   | True |         127.0.0.1          |   255.0.0.0   |  host  |         .         |
[   16.918607] cloud-init[962]: ci-info: |   lo   | True |          ::1/128           |       .       |  host  |         .         |
[   16.924776] cloud-init[962]: ci-info: +--------+------+----------------------------+---------------+--------+-------------------+
[   16.926239] cloud-init[962]: ci-info: +++++++++++++++++++++++++++Route IPv4 info++++++++++++++++++++++++++++
[   16.932632] cloud-init[962]: ci-info: +-------+-------------+----------+---------------+-----------+-------+
[   16.940346] cloud-init[962]: ci-info: | Route | Destination | Gateway  |    Genmask    | Interface | Flags |
[   16.949628] cloud-init[962]: ci-info: +-------+-------------+----------+---------------+-----------+-------+
[   16.960823] cloud-init[962]: ci-info: |   0   |   0.0.0.0   | 10.0.2.2 |    0.0.0.0    |   enp0s3  |   UG  |
[[0;32m  OK  [0m] Started Initial cloud-init job (metadata service crawler).
[   16.960922] cloud-init[962]: ci-info: |   1   |   10.0.2.0  | 0.0.0.0  | 255.255.255.0 |   enp0s3  |   U   |
[   16.972956] cloud-init[962]: ci-info: +-------+-------------+----------+---------------+-----------+-------+
[   16.973137] [cloud-init[0;32m  OK  [0m[962]: ] ci-info: +++++++++++++++++++Route IPv6 info+++++++++++++++++++Reached target Cloud-config availability.

[[0;32m  OK  [0m] Reached target System Initialization.
[   16.973187] cloud-init[962]: ci-info: +-------+-------------+---------+-----------+-------+
[   16.982175] cloud-init[962]: ci-info: | Route | Destination | Gateway | Interface | Flags |
[[0;32m  OK  [0m] Listening on D-Bus System Message Bus Socket.[   16.982345] 
cloud-init[962]: ci-info: +-------+-------------+---------+-----------+-------+
[   16.984224] cloud-init[962]: ci-info: |   0   |  fe80::/64  |    ::   |   enp0s3  |   U   |
[   16.984284] cloud-init[962]: ci-info: |   3   |   ff00::/8  |    ::   |   enp0s3  |   U   |
[   16.984530] cloud-init[962]: ci-info: +-------+-------------+---------+-----------+-------+
         Starting Socket activation for snappy daemon.
[[0;32m  OK  [0m] Listening on UUID daemon activation socket.
         Starting LXD - unix socket.
[[0;32m  OK  [0m] Started ACPI Events Check.
[[0;32m  OK  [0m] Reached target Paths.
[[0;32m  OK  [0m] Started Daily Cleanup of Temporary Directories.
[[0;32m  OK  [0m] Started Daily apt download activities.
[[0;32m  OK  [0m] Started Daily apt upgrade and clean activities.
[[0;32m  OK  [0m] Reached target Timers.
[[0;32m  OK  [0m] Listening on ACPID Listen Socket.
[[0;32m  OK  [0m] Reached target Network is Online.
         Starting iSCSI initiator daemon (iscsid)...
[[0;32m  OK  [0m] Listening on Socket activation for snappy daemon.
[[0;32m  OK  [0m] Listening on LXD - unix socket.
[[0;32m  OK  [0m] Reached target Sockets.
[[0;32m  OK  [0m] Reached target Basic System.
[[0;32m  OK  [0m] Started Unattended Upgrades Shutdown.
         Starting Login Service...
[[0;32m  OK  [0m] Started FUSE filesystem for LXC.
[[0;32m  OK  [0m] Started Deferred execution scheduler.
         Starting Accounts Service...
         Starting LSB: MD monitoring daemon...
         Starting LSB: Record successful boot for GRUB...
         Starting PostgreSQL Cluster 9.5-main...
[[0;32m  OK  [0m] Started Regular background program processing daemon.
         Starting OpenBSD Secure Shell server...
         Starting Virtualbox guest utils...
         Starting System Logging Service...
         Starting /etc/rc.local Compatibility...
[[0;32m  OK  [0m] Started ACPI event daemon.
[[0;32m  OK  [0m] Started D-Bus System Message Bus.
         Starting Snappy daemon...
         Starting LXD - container startup/shutdown...
[[0;32m  OK  [0m] Started System Logging Service.
[[0;32m  OK  [0m] Started /etc/rc.local Compatibility.
[[0;32m  OK  [0m] Started OpenBSD Secure Shell server.
[[0;32m  OK  [0m] Started Login Service.
[[0;32m  OK  [0m] Started iSCSI initiator daemon (iscsid).
         Starting Login to default iSCSI targets...
[[0;32m  OK  [0m] Started LSB: Record successful boot for GRUB.
[[0;32m  OK  [0m] Started LSB: MD monitoring daemon.
         Starting Authenticate and Authorize Users to Run Privileged Tasks...
[[0;32m  OK  [0m] Started Login to default iSCSI targets.
[[0;32m  OK  [0m] Reached target Remote File Systems (Pre).
[[0;32m  OK  [0m] Reached target Remote File Systems.
         Starting LSB: Set the CPU Frequency Scaling governor to "ondemand"...
         Starting Permit User Sessions...
         Starting LSB: Start/stop sysstat's sadc...
         Starting LSB: daemon to balance interrupts for SMP systems...
         Starting LSB: automatic crash report generation...
[[0;32m  OK  [0m] Started LSB: Set the CPU Frequency Scaling governor to "ondemand".
[[0;32m  OK  [0m] Started Permit User Sessions.
[[0;32m  OK  [0m] Started Virtualbox guest utils.
         Starting Terminate Plymouth Boot Screen...
         Starting Hold until boot process finishes up...
[[0;32m  OK  [0m] Started Hold until boot process finishes up.
[[0;32m  OK  [0m] Started Terminate Plymouth Boot Screen.
[[0;32m  OK  [0m] Started Getty on tty1.
         Starting Set console scheme...
[[0;32m  OK  [0m] Started Serial Getty on ttyS0.
[[0;32m  OK  [0m] Reached target Login Prompts.
[[0;32m  OK  [0m] Started LSB: Start/stop sysstat's sadc.
[[0;32m  OK  [0m] Started Set console scheme.
[[0;32m  OK  [0m] Started LSB: daemon to balance interrupts for SMP systems.
[[0;32m  OK  [0m] Started Authenticate and Authorize Users to Run Privileged Tasks.
[[0;32m  OK  [0m] Started Accounts Service.
[[0;32m  OK  [0m] Started LSB: automatic crash report generation.
[[0;32m  OK  [0m] Started Snappy daemon.
         Starting Wait until snapd is fully seeded...
[[0;32m  OK  [0m] Started LXD - container startup/shutdown.
[[0;32m  OK  [0m] Started Wait until snapd is fully seeded.
         Starting Apply the settings specified in cloud-config...
[   22.125166] cloud-init[1232]: Cloud-init v. 18.5-45-g3554ffe8-0ubuntu1~16.04.1 running 'modules:config' at Fri, 28 Jun 2019 01:30:39 +0000. Up 21.77 seconds.
[[0;32m  OK  [0m] Started Apply the settings specified in cloud-config.
[[0;32m  OK  [0m] Created slice User Slice of vagrant.
[[0;32m  OK  [0m] Started Session 1 of user vagrant.
         Starting User Manager for UID 1000...
[[0;32m  OK  [0m] Started PostgreSQL Cluster 9.5-main.
         Starting PostgreSQL RDBMS...
[[0;32m  OK  [0m] Started User Manager for UID 1000.
[[0;32m  OK  [0m] Started PostgreSQL RDBMS.
[[0;32m  OK  [0m] Reached target Multi-User System.
         Starting Execute cloud user/final scripts...
[[0;32m  OK  [0m] Reached target Graphical Interface.
         Starting Update UTMP about System Runlevel Changes...
[[0;32m  OK  [0m] Started Update UTMP about System Runlevel Changes.
[   24.867597] cloud-init[1274]: Cloud-init v. 18.5-45-g3554ffe8-0ubuntu1~16.04.1 running 'modules:final' at Fri, 28 Jun 2019 01:30:42 +0000. Up 24.41 seconds.
[   24.867765] cloud-init[1274]: Cloud-init v. 18.5-45-g3554ffe8-0ubuntu1~16.04.1 finished at Fri, 28 Jun 2019 01:30:42 +0000. Datasource DataSourceNoCloud [seed=/dev/sdb][dsmode=net].  Up 24.85 seconds

Ubuntu 16.04.6 LTS ubuntu-xenial ttyS0

ubuntu-xenial login: 