[    0.000000] Initializing cgroup subsys cpuset
[    0.000000] Initializing cgroup subsys cpu
[    0.000000] Initializing cgroup subsys cpuacct
[    0.000000] Linux version 4.4.0-148-generic (buildd@lgw01-amd64-031) (gcc version 5.4.0 20160609 (Ubuntu 5.4.0-6ubuntu1~16.04.10) ) #174-Ubuntu SMP Tue May 7 12:20:14 UTC 2019 (Ubuntu 4.4.0-148.174-generic 4.4.177)
[    0.000000] Command line: BOOT_IMAGE=/boot/vmlinuz-4.4.0-148-generic root=LABEL=cloudimg-rootfs ro console=tty1 console=ttyS0
[    0.000000] KERNEL supported cpus:
[    0.000000]   Intel GenuineIntel
[    0.000000]   AMD AuthenticAMD
[    0.000000]   Centaur CentaurHauls
[    0.000000] x86/fpu: xstate_offset[2]:  576, xstate_sizes[2]:  256
[    0.000000] x86/fpu: Supporting XSAVE feature 0x01: 'x87 floating point registers'
[    0.000000] x86/fpu: Supporting XSAVE feature 0x02: 'SSE registers'
[    0.000000] x86/fpu: Supporting XSAVE feature 0x04: 'AVX registers'
[    0.000000] x86/fpu: Enabled xstate features 0x7, context size is 832 bytes, using 'standard' format.
[    0.000000] e820: BIOS-provided physical RAM map:
[    0.000000] BIOS-e820: [mem 0x0000000000000000-0x000000000009fbff] usable
[    0.000000] BIOS-e820: [mem 0x000000000009fc00-0x000000000009ffff] reserved
[    0.000000] BIOS-e820: [mem 0x00000000000f0000-0x00000000000fffff] reserved
[    0.000000] BIOS-e820: [mem 0x0000000000100000-0x000000003ffeffff] usable
[    0.000000] BIOS-e820: [mem 0x000000003fff0000-0x000000003fffffff] ACPI data
[    0.000000] BIOS-e820: [mem 0x00000000fec00000-0x00000000fec00fff] reserved
[    0.000000] BIOS-e820: [mem 0x00000000fee00000-0x00000000fee00fff] reserved
[    0.000000] BIOS-e820: [mem 0x00000000fffc0000-0x00000000ffffffff] reserved
[    0.000000] NX (Execute Disable) protection: active
[    0.000000] SMBIOS 2.5 present.
[    0.000000] Hypervisor detected: KVM
[    0.000000] e820: last_pfn = 0x3fff0 max_arch_pfn = 0x400000000
[    0.000000] MTRR: Disabled
[    0.000000] x86/PAT: MTRRs disabled, skipping PAT initialization too.
[    0.000000] CPU MTRRs all blank - virtualized system.
[    0.000000] x86/PAT: Configuration [0-7]: WB  WT  UC- UC  WB  WT  UC- UC  
[    0.000000] found SMP MP-table at [mem 0x0009fff0-0x0009ffff] mapped at [ffff88000009fff0]
[    0.000000] Scanning 1 areas for low memory corruption
[    0.000000] RAMDISK: [mem 0x362fa000-0x37174fff]
[    0.000000] ACPI: Early table checksum verification disabled
[    0.000000] ACPI: RSDP 0x00000000000E0000 000024 (v02 VBOX  )
[    0.000000] ACPI: XSDT 0x000000003FFF0030 00003C (v01 VBOX   VBOXXSDT 00000001 ASL  00000061)
[    0.000000] ACPI: FACP 0x000000003FFF00F0 0000F4 (v04 VBOX   VBOXFACP 00000001 ASL  00000061)
[    0.000000] ACPI: DSDT 0x000000003FFF0470 0022EA (v02 VBOX   VBOXBIOS 00000002 INTL 20100528)
[    0.000000] ACPI: FACS 0x000000003FFF0200 000040
[    0.000000] ACPI: FACS 0x000000003FFF0200 000040
[    0.000000] ACPI: APIC 0x000000003FFF0240 00005C (v02 VBOX   VBOXAPIC 00000001 ASL  00000061)
[    0.000000] ACPI: SSDT 0x000000003FFF02A0 0001CC (v01 VBOX   VBOXCPUT 00000002 INTL 20100528)
[    0.000000] No NUMA configuration found
[    0.000000] Faking a node at [mem 0x0000000000000000-0x000000003ffeffff]
[    0.000000] NODE_DATA(0) allocated [mem 0x3ffeb000-0x3ffeffff]
[    0.000000] kvm-clock: Using msrs 4b564d01 and 4b564d00
[    0.000000] kvm-clock: cpu 0, msr 0:3ffe3001, primary cpu clock
[    0.000000] kvm-clock: using sched offset of 5824112074 cycles
[    0.000000] clocksource: kvm-clock: mask: 0xffffffffffffffff max_cycles: 0x1cd42e4dffb, max_idle_ns: 881590591483 ns
[    0.000000] Zone ranges:
[    0.000000]   DMA      [mem 0x0000000000001000-0x0000000000ffffff]
[    0.000000]   DMA32    [mem 0x0000000001000000-0x000000003ffeffff]
[    0.000000]   Normal   empty
[    0.000000]   Device   empty
[    0.000000] Movable zone start for each node
[    0.000000] Early memory node ranges
[    0.000000]   node   0: [mem 0x0000000000001000-0x000000000009efff]
[    0.000000]   node   0: [mem 0x0000000000100000-0x000000003ffeffff]
[    0.000000] Initmem setup node 0 [mem 0x0000000000001000-0x000000003ffeffff]
[    0.000000] ACPI: PM-Timer IO Port: 0x4008
[    0.000000] IOAPIC[0]: apic_id 2, version 32, address 0xfec00000, GSI 0-23
[    0.000000] ACPI: INT_SRC_OVR (bus 0 bus_irq 0 global_irq 2 dfl dfl)
[    0.000000] ACPI: INT_SRC_OVR (bus 0 bus_irq 9 global_irq 9 low level)
[    0.000000] Using ACPI (MADT) for SMP configuration information
[    0.000000] smpboot: Allowing 2 CPUs, 0 hotplug CPUs
[    0.000000] PM: Registered nosave memory: [mem 0x00000000-0x00000fff]
[    0.000000] PM: Registered nosave memory: [mem 0x0009f000-0x0009ffff]
[    0.000000] PM: Registered nosave memory: [mem 0x000a0000-0x000effff]
[    0.000000] PM: Registered nosave memory: [mem 0x000f0000-0x000fffff]
[    0.000000] e820: [mem 0x40000000-0xfebfffff] available for PCI devices
[    0.000000] Booting paravirtualized kernel on KVM
[    0.000000] clocksource: refined-jiffies: mask: 0xffffffff max_cycles: 0xffffffff, max_idle_ns: 7645519600211568 ns
[    0.000000] setup_percpu: NR_CPUS:512 nr_cpumask_bits:512 nr_cpu_ids:2 nr_node_ids:1
[    0.000000] PERCPU: Embedded 34 pages/cpu @ffff88003fc00000 s99480 r8192 d31592 u1048576
[    0.000000] Built 1 zonelists in Node order, mobility grouping on.  Total pages: 257912
[    0.000000] Policy zone: DMA32
[    0.000000] Kernel command line: BOOT_IMAGE=/boot/vmlinuz-4.4.0-148-generic root=LABEL=cloudimg-rootfs ro console=tty1 console=ttyS0
[    0.000000] PID hash table entries: 4096 (order: 3, 32768 bytes)
[    0.000000] Memory: 997732K/1048120K available (8609K kernel code, 1334K rwdata, 4028K rodata, 1484K init, 1284K bss, 50388K reserved, 0K cma-reserved)
[    0.000000] SLUB: HWalign=64, Order=0-3, MinObjects=0, CPUs=2, Nodes=1
[    0.000000] Kernel/User page tables isolation: enabled
[    0.000000] Hierarchical RCU implementation.
[    0.000000] 	Build-time adjustment of leaf fanout to 64.
[    0.000000] 	RCU restricting CPUs from NR_CPUS=512 to nr_cpu_ids=2.
[    0.000000] RCU: Adjusting geometry for rcu_fanout_leaf=64, nr_cpu_ids=2
[    0.000000] NR_IRQS:33024 nr_irqs:440 16
[    0.000000] Console: colour VGA+ 80x25
[    0.000000] console [tty1] enabled
[    0.000000] console [ttyS0] enabled
[    0.000000] tsc: Detected 2303.994 MHz processor
[    0.237048] Calibrating delay loop (skipped) preset value.. 4607.98 BogoMIPS (lpj=9215976)
[    0.239913] pid_max: default: 32768 minimum: 301
[    0.241697] ACPI: Core revision 20150930
[    0.245726] ACPI: 2 ACPI AML tables successfully acquired and loaded
[    0.247904] Security Framework initialized
[    0.249322] Yama: becoming mindful.
[    0.250596] AppArmor: AppArmor initialized
[    0.252143] Dentry cache hash table entries: 131072 (order: 8, 1048576 bytes)
[    0.258342] Inode-cache hash table entries: 65536 (order: 7, 524288 bytes)
[    0.260397] Mount-cache hash table entries: 2048 (order: 2, 16384 bytes)
[    0.262375] Mountpoint-cache hash table entries: 2048 (order: 2, 16384 bytes)
[    0.264633] Initializing cgroup subsys io
[    0.265991] Initializing cgroup subsys memory
[    0.267434] Initializing cgroup subsys devices
[    0.268913] Initializing cgroup subsys freezer
[    0.270344] Initializing cgroup subsys net_cls
[    0.271803] Initializing cgroup subsys perf_event
[    0.273287] Initializing cgroup subsys net_prio
[    0.274753] Initializing cgroup subsys hugetlb
[    0.276187] Initializing cgroup subsys pids
[    0.278994] mce: CPU supports 0 MCE banks
[    0.280398] Last level iTLB entries: 4KB 64, 2MB 8, 4MB 8
[    0.282073] Last level dTLB entries: 4KB 64, 2MB 0, 4MB 0, 1GB 4
[    0.283870] Spectre V2 : Mitigation: Full generic retpoline
[    0.285541] Spectre V2 : Spectre v2 / SpectreRSB mitigation: Filling RSB on context switch
[    0.288200] Speculative Store Bypass: Vulnerable
[    0.289822] MDS: Vulnerable: Clear CPU buffers attempted, no microcode
[    0.296333] Freeing SMP alternatives memory: 36K
[    0.306942] ftrace: allocating 32293 entries in 127 pages
[    0.404888] smpboot: APIC(0) Converting physical 0 to logical package 0
[    0.406986] smpboot: Max logical packages: 1
[    0.409020] x2apic enabled
[    0.410564] Switched APIC routing to physical x2apic.
[    0.414295] ..TIMER: vector=0x30 apic1=0 pin1=2 apic2=-1 pin2=-1
[    0.524372] APIC calibration not consistent with PM-Timer: 98ms instead of 100ms
[    0.527130] APIC delta adjusted to PM-Timer: 6243570 (6158155)
[    0.529111] smpboot: CPU0: Intel(R) Core(TM) i5-8300H CPU @ 2.30GHz (family: 0x6, model: 0x9e, stepping: 0xa)
[    0.532625] Performance Events: unsupported p6 CPU model 158 no PMU driver, software events only.
[    0.552054] KVM setup paravirtual spinlock
[    0.554330] x86: Booting SMP configuration:
[    0.555801] .... node  #0, CPUs:      #1
[    0.557283] kvm-clock: cpu 1, msr 0:3ffe3041, secondary cpu clock
[    0.559704] mce: CPU supports 0 MCE banks
[    0.562428] x86: Booted up 1 node, 2 CPUs
[    0.564163] smpboot: Total of 2 processors activated (9215.97 BogoMIPS)
[    0.566836] devtmpfs: initialized
[    0.570569] evm: security.selinux
[    0.571810] evm: security.SMACK64
[    0.573062] evm: security.SMACK64EXEC
[    0.574435] evm: security.SMACK64TRANSMUTE
[    0.575923] evm: security.SMACK64MMAP
[    0.577261] evm: security.ima
[    0.578457] evm: security.capability
[    0.580107] clocksource: jiffies: mask: 0xffffffff max_cycles: 0xffffffff, max_idle_ns: 7645041785100000 ns
[    0.583301] futex hash table entries: 512 (order: 3, 32768 bytes)
[    0.585399] pinctrl core: initialized pinctrl subsystem
[    0.587306] RTC time: 19:49:25, date: 05/19/19
[    0.589106] NET: Registered protocol family 16
[    0.601575] cpuidle: using governor ladder
[    0.614582] cpuidle: using governor menu
[    0.616233] PCCT header not found.
[    0.617586] ACPI: bus type PCI registered
[    0.619004] acpiphp: ACPI Hot Plug PCI Controller Driver version: 0.5
[    0.621104] PCI: Using configuration type 1 for base access
[    0.634893] ACPI: Added _OSI(Module Device)
[    0.636357] ACPI: Added _OSI(Processor Device)
[    0.638009] ACPI: Added _OSI(3.0 _SCP Extensions)
[    0.639579] ACPI: Added _OSI(Processor Aggregator Device)
[    0.642321] ACPI: Executed 1 blocks of module-level executable AML code
[    0.647961] ACPI: Interpreter enabled
[    0.649278] ACPI: (supports S0 S5)
[    0.650654] ACPI: Using IOAPIC for interrupt routing
[    0.652572] PCI: Using host bridge windows from ACPI; if necessary, use "pci=nocrs" and report a bug
[    0.661278] ACPI: PCI Root Bridge [PCI0] (domain 0000 [bus 00-ff])
[    0.663279] acpi PNP0A03:00: _OSC: OS supports [ASPM ClockPM Segments MSI]
[    0.665828] acpi PNP0A03:00: _OSC: not requesting OS control; OS requires [ExtendedConfig ASPM ClockPM MSI]
[    0.669007] acpi PNP0A03:00: fail to add MMCONFIG information, can't access extended PCI configuration space under this bridge.
[    0.673087] PCI host bridge to bus 0000:00
[    0.674581] pci_bus 0000:00: root bus resource [io  0x0000-0x0cf7 window]
[    0.676619] pci_bus 0000:00: root bus resource [io  0x0d00-0xffff window]
[    0.678828] pci_bus 0000:00: root bus resource [mem 0x000a0000-0x000bffff window]
[    0.681571] pci_bus 0000:00: root bus resource [mem 0x40000000-0xfdffffff window]
[    0.684326] pci_bus 0000:00: root bus resource [bus 00-ff]
[    0.688770] pci 0000:00:01.1: legacy IDE quirk: reg 0x10: [io  0x01f0-0x01f7]
[    0.691023] pci 0000:00:01.1: legacy IDE quirk: reg 0x14: [io  0x03f6]
[    0.693103] pci 0000:00:01.1: legacy IDE quirk: reg 0x18: [io  0x0170-0x0177]
[    0.714260] pci 0000:00:01.1: legacy IDE quirk: reg 0x1c: [io  0x0376]
[    0.734417] pci 0000:00:07.0: quirk: [io  0x4000-0x403f] claimed by PIIX4 ACPI
[    0.737054] pci 0000:00:07.0: quirk: [io  0x4100-0x410f] claimed by PIIX4 SMB
[    0.745779] ACPI: PCI Interrupt Link [LNKA] (IRQs 5 9 10 *11)
[    0.748703] ACPI: PCI Interrupt Link [LNKB] (IRQs 5 9 *10 11)
[    0.751464] ACPI: PCI Interrupt Link [LNKC] (IRQs 5 *9 10 11)
[    0.754108] ACPI: PCI Interrupt Link [LNKD] (IRQs 5 9 10 *11)
[    0.756758] ACPI: Enabled 2 GPEs in block 00 to 07
[    0.759176] vgaarb: setting as boot device: PCI:0000:00:02.0
[    0.760959] vgaarb: device added: PCI:0000:00:02.0,decodes=io+mem,owns=io+mem,locks=none
[    0.763802] vgaarb: loaded
[    0.764887] vgaarb: bridge control possible 0000:00:02.0
[    0.766959] SCSI subsystem initialized
[    0.768580] ACPI: bus type USB registered
[    0.770059] usbcore: registered new interface driver usbfs
[    0.771815] usbcore: registered new interface driver hub
[    0.773628] usbcore: registered new device driver usb
[    0.775856] PCI: Using ACPI for IRQ routing
[    0.777791] NetLabel: Initializing
[    0.779112] NetLabel:  domain hash size = 128
[    0.780597] NetLabel:  protocols = UNLABELED CIPSOv4
[    0.786150] NetLabel:  unlabeled traffic allowed by default
[    0.788440] amd_nb: Cannot enumerate AMD northbridges
[    0.790228] clocksource: Switched to clocksource kvm-clock
[    0.807311] AppArmor: AppArmor Filesystem Enabled
[    0.808967] pnp: PnP ACPI init
[    0.811345] pnp: PnP ACPI: found 3 devices
[    0.825522] clocksource: acpi_pm: mask: 0xffffff max_cycles: 0xffffff, max_idle_ns: 2085701024 ns
[    0.828610] NET: Registered protocol family 2
[    0.830446] TCP established hash table entries: 8192 (order: 4, 65536 bytes)
[    0.832586] TCP bind hash table entries: 8192 (order: 5, 131072 bytes)
[    0.834898] TCP: Hash tables configured (established 8192 bind 8192)
[    0.837035] UDP hash table entries: 512 (order: 2, 16384 bytes)
[    0.839023] UDP-Lite hash table entries: 512 (order: 2, 16384 bytes)
[    0.841050] NET: Registered protocol family 1
[    0.842553] pci 0000:00:00.0: Limiting direct PCI/PCI transfers
[    0.844467] pci 0000:00:01.0: Activating ISA DMA hang workarounds
[    0.846571] Unpacking initramfs...
[    1.192732] Freeing initrd memory: 14828K
[    1.194377] clocksource: tsc: mask: 0xffffffffffffffff max_cycles: 0x2135f221db9, max_idle_ns: 440795284235 ns
[    1.197621] platform rtc_cmos: registered platform RTC device (no PNP device found)
[    1.200374] Scanning for low memory corruption every 60 seconds
[    1.202829] audit: initializing netlink subsys (disabled)
[    1.204557] audit: type=2000 audit(1558295373.410:1): initialized
[    1.206802] Initialise system trusted keyring
[    1.208716] HugeTLB registered 2 MB page size, pre-allocated 0 pages
[    1.212602] zbud: loaded
[    1.214235] VFS: Disk quotas dquot_6.6.0
[    1.215727] VFS: Dquot-cache hash table entries: 512 (order 0, 4096 bytes)
[    1.218108] squashfs: version 4.0 (2009/01/31) Phillip Lougher
[    1.220435] fuse init (API version 7.23)
[    1.222030] Key type big_key registered
[    1.223491] Allocating IMA MOK and blacklist keyrings.
[    1.228393] Key type asymmetric registered
[    1.229801] Asymmetric key parser 'x509' registered
[    1.231528] Block layer SCSI generic (bsg) driver version 0.4 loaded (major 249)
[    1.234330] io scheduler noop registered
[    1.235743] io scheduler deadline registered (default)
[    1.237447] io scheduler cfq registered
[    1.238939] pci_hotplug: PCI Hot Plug PCI Core version: 0.5
[    1.240808] pciehp: PCI Express Hot Plug Controller Driver version: 0.4
[    1.243095] ACPI: AC Adapter [AC] (off-line)
[    1.244661] input: Power Button as /devices/LNXSYSTM:00/LNXPWRBN:00/input/input0
[    1.247267] ACPI: Power Button [PWRF]
[    1.248719] input: Sleep Button as /devices/LNXSYSTM:00/LNXSLPBN:00/input/input1
[    1.251385] ACPI: Sleep Button [SLPF]
[    1.253971] ACPI: Battery Slot [BAT0] (battery present)
[    1.255813] GHES: HEST is not enabled!
[    1.257456] Serial: 8250/16550 driver, 32 ports, IRQ sharing enabled
	
 !"#$%&'()*+,-./0123456789:;<=>?@ABCDEFGHIJKLMNOPQRSTUVWXYZ[\]^_`abcdefghijklmnopqrstuvwxyz{|}~ÄÅÇÉÑÖÜáàâäãåçéèêëíìîïñóòôöõúùûü†°¢£§•¶ß®©™´¨≠ÆØ∞±≤≥¥µ∂∑∏π∫ªºΩæø¿¡¬√ƒ≈∆«»… ÀÃÕŒœ–—“”‘’÷◊ÿŸ⁄€‹›ﬁﬂ‡·‚„‰ÂÊÁËÈÍÎÏÌÓÔÒÚÛÙıˆ˜¯˘˙˚¸˝˛ˇ[    1.282555] 00:02: ttyS0 at I/O 0x3f8 (irq = 4, base_baud = 115200) is a 16550A
[    1.290789] Linux agpgart interface v0.103
[    1.294891] loop: module loaded
[    1.296917] scsi host0: ata_piix
[    1.298440] scsi host1: ata_piix
[    1.299760] ata1: PATA max UDMA/33 cmd 0x1f0 ctl 0x3f6 bmdma 0xd000 irq 14
[    1.301871] ata2: PATA max UDMA/33 cmd 0x170 ctl 0x376 bmdma 0xd008 irq 15
[    1.304183] libphy: Fixed MDIO Bus: probed
[    1.305656] tun: Universal TUN/TAP device driver, 1.6
[    1.307450] tun: (C) 1999-2004 Max Krasnyansky <maxk@qualcomm.com>
[    1.309570] PPP generic driver version 2.4.2
[    1.311270] ehci_hcd: USB 2.0 'Enhanced' Host Controller (EHCI) Driver
[    1.313328] ehci-pci: EHCI PCI platform driver
[    1.314886] ehci-platform: EHCI generic platform driver
[    1.316616] ohci_hcd: USB 1.1 'Open' Host Controller (OHCI) Driver
[    1.318752] ohci-pci: OHCI PCI platform driver
[    1.320874] ohci-platform: OHCI generic platform driver
[    1.322713] uhci_hcd: USB Universal Host Controller Interface driver
[    1.324809] i8042: PNP: PS/2 Controller [PNP0303:PS2K,PNP0f03:PS2M] at 0x60,0x64 irq 1,12
[    1.328320] serio: i8042 KBD port at 0x60,0x64 irq 1
[    1.329962] serio: i8042 AUX port at 0x60,0x64 irq 12
[    1.332144] mousedev: PS/2 mouse device common for all mice
[    1.334601] input: AT Translated Set 2 keyboard as /devices/platform/i8042/serio0/input/input2
[    1.338313] rtc_cmos rtc_cmos: rtc core: registered rtc_cmos as rtc0
[    1.340363] rtc_cmos rtc_cmos: alarms up to one day, 114 bytes nvram
[    1.342365] i2c /dev entries driver
[    1.343808] device-mapper: uevent: version 1.0.3
[    1.345607] device-mapper: ioctl: 4.34.0-ioctl (2015-10-28) initialised: dm-devel@redhat.com
[    1.348509] ledtrig-cpu: registered to indicate activity on CPUs
[    1.351609] NET: Registered protocol family 10
[    1.353549] NET: Registered protocol family 17
[    1.355156] Key type dns_resolver registered
[    1.357694] registered taskstats version 1
[    1.359222] Loading compiled-in X.509 certificates
[    1.361591] Loaded X.509 cert 'Build time autogenerated kernel key: 5103689f9da3e841c6100f8bb032b132cf76e38d'
[    1.364962] zswap: loaded using pool lzo/zbud
[    1.369340] Key type trusted registered
[    1.376023] Key type encrypted registered
[    1.377527] AppArmor: AppArmor sha1 policy hashing enabled
[    1.379398] ima: No TPM chip found, activating TPM-bypass!
[    1.381196] ima: Allocated hash algorithm: sha1
[    1.382768] evm: HMAC attrs: 0x1
[    1.384509]   Magic number: 3:226:850
[    1.385852]  index2: hash matches
[    1.387259]  index2: hash matches
[   1.388689] rtc_cmos rtc_cmos: setting system clock to 2019-05-19 19:49:26 UTC (1558295366)
[    1.450382] BIOS EDD facility v0.16 2004-Jun-25, 0 devices found
[    1.452357] EDD information not available.
[    1.459601] Freeing unused kernel memory: 1484K
[    1.470918] Write protecting the kernel read-only data: 14336k
[    1.473513] Freeing unused kernel memory: 1620K
[    1.475407] Freeing unused kernel memory: 68K
Loading, please wait...
starting version 229
[    1.494206] random: systemd-udevd: uninitialized urandom read (16 bytes read, 3 bits of entropy available)
[    1.495060] random: udevadm: uninitialized urandom read (16 bytes read, 3 bits of entropy available)
[    1.495086] random: udevadm: uninitialized urandom read (16 bytes read, 3 bits of entropy available)
[    1.503458] random: systemd-udevd: uninitialized urandom read (16 bytes read, 3 bits of entropy available)
[    1.506606] random: udevadm: uninitialized urandom read (16 bytes read, 3 bits of entropy available)
[    1.506642] random: systemd-udevd: uninitialized urandom read (16 bytes read, 3 bits of entropy available)
[    1.506672] random: systemd-udevd: uninitialized urandom read (16 bytes read, 3 bits of entropy available)
[    1.507869] random: systemd-udevd: uninitialized urandom read (16 bytes read, 3 bits of entropy available)
[    1.507893] random: systemd-udevd: uninitialized urandom read (16 bytes read, 3 bits of entropy available)
[    1.507902] random: systemd-udevd: uninitialized urandom read (16 bytes read, 3 bits of entropy available)
[    1.569681] e1000: Intel(R) PRO/1000 Network Driver - version 7.3.21-k8-NAPI
[    1.571888] e1000: Copyright (c) 1999-2006 Intel Corporation.
[    1.577792] Fusion MPT base driver 3.04.20
[    1.579281] Copyright (c) 1999-2008 LSI Corporation
[    1.587089] Fusion MPT SPI Host driver 3.04.20
[    1.616907] AVX2 version of gcm_enc/dec engaged.
[    1.618573] AES CTR mode by8 optimization enabled
[    1.792498] input: ImExPS/2 Generic Explorer Mouse as /devices/platform/i8042/serio1/input/input4
[    2.010078] e1000 0000:00:03.0 eth0: (PCI:33MHz:32-bit) 02:11:c2:af:aa:45
[    2.012167] e1000 0000:00:03.0 eth0: Intel(R) PRO/1000 Network Connection
[    2.015234] mptbase: ioc0: Initiating bringup
[    2.016293] e1000 0000:00:03.0 enp0s3: renamed from eth0
[    2.083146] ioc0: LSI53C1030 A0: Capabilities={Initiator}
[    2.246198] scsi host2: ioc0: LSI53C1030 A0, FwRev=00000000h, Ports=1, MaxQ=256, IRQ=20
[    2.363396] scsi 2:0:0:0: Direct-Access     VBOX     HARDDISK         1.0  PQ: 0 ANSI: 5
[    2.366497] scsi target2:0:0: Beginning Domain Validation
[    2.371853] scsi target2:0:0: Domain Validation skipping write tests
[    2.373998] scsi target2:0:0: Ending Domain Validation
[    2.375728] scsi target2:0:0: asynchronous
[    2.377715] scsi 2:0:1:0: Direct-Access     VBOX     HARDDISK         1.0  PQ: 0 ANSI: 5
[    2.380393] scsi target2:0:1: Beginning Domain Validation
[    2.403755] scsi target2:0:1: Domain Validation skipping write tests
[    2.405666] scsi target2:0:1: Ending Domain Validation
[    2.407349] scsi target2:0:1: asynchronous
[    2.417944] sd 2:0:0:0: [sda] 20971520 512-byte logical blocks: (10.7 GB/10.0 GiB)
[    2.418201] sd 2:0:0:0: Attached scsi generic sg0 type 0
[    2.418874] sd 2:0:1:0: Attached scsi generic sg1 type 0
[    2.419170] sd 2:0:1:0: [sdb] 20480 512-byte logical blocks: (10.5 MB/10.0 MiB)
[    2.419530] sd 2:0:1:0: [sdb] Write Protect is off
[    2.419816] sd 2:0:1:0: [sdb] Incomplete mode parameter data
[    2.419818] sd 2:0:1:0: [sdb] Assuming drive cache: write through
[    2.432668] sd 2:0:0:0: [sda] Write Protect is off
[    2.434783] sd 2:0:0:0: [sda] Incomplete mode parameter data
[    2.436556] sd 2:0:0:0: [sda] Assuming drive cache: write through
[    2.511443]  sda: sda1
[    2.514427] sd 2:0:0:0: [sda] Attached SCSI disk
[    2.534761] sd 2:0:1:0: [sdb] Attached SCSI disk
Begin: Loading essential drivers ... [    4.369851] md: linear personality registered for level -1
[    4.375104] md: multipath personality registered for level -4
[    4.379919] md: raid0 personality registered for level 0
[    4.385873] md: raid1 personality registered for level 1
[    4.458265] raid6: sse2x1   gen()  7791 MB/s
[    4.527551] raid6: sse2x1   xor()  5898 MB/s
[    4.594901] raid6: sse2x2   gen()  9697 MB/s
[    4.662243] raid6: sse2x2   xor()  6648 MB/s
[    4.730562] raid6: sse2x4   gen() 11079 MB/s
[    4.798881] raid6: sse2x4   xor()  7536 MB/s
[    4.867192] raid6: avx2x1   gen() 15727 MB/s
[    4.934545] raid6: avx2x2   gen() 17664 MB/s
[    5.002847] raid6: avx2x4   gen() 19877 MB/s
[    5.004334] raid6: using algorithm avx2x4 gen() 19877 MB/s
[    5.006113] raid6: using avx2x2 recovery algorithm
[    5.009503] xor: automatically using best checksumming function:
[    5.050754]    avx       : 16888.000 MB/sec
[    5.053926] async_tx: api initialized (async)
[    5.068099] md: raid6 personality registered for level 6
[    5.069808] md: raid5 personality registered for level 5
[    5.071613] md: raid4 personality registered for level 4
[    5.082007] md: raid10 personality registered for level 10
done.
Begin: Running /scripts/init-premount ... done.
Begin: Mounting root file system ... Begin: Running /scripts/local-top ... done.
Begin: Running /scripts/local-premount ... [    5.127342] Btrfs loaded
Scanning for Btrfs filesystems
done.
Warning: fsck not present, so skipping root file system
[    5.290930] EXT4-fs (sda1): mounted filesystem with ordered data mode. Opts: (null)
done.
Begin: Running /scripts/local-bottom ... done.
Begin: Running /scripts/init-bottom ... done.
[    5.815738] random: nonblocking pool is initialized
[    6.571599] systemd[1]: systemd 229 running in system mode. (+PAM +AUDIT +SELINUX +IMA +APPARMOR +SMACK +SYSVINIT +UTMP +LIBCRYPTSETUP +GCRYPT +GNUTLS +ACL +XZ -LZ4 +SECCOMP +BLKID +ELFUTILS +KMOD -IDN)
[    6.577851] systemd[1]: Detected virtualization oracle.
[    6.579690] systemd[1]: Detected architecture x86-64.

Welcome to [1mUbuntu 16.04.6 LTS[0m!

[    6.647120] systemd[1]: Set hostname to <ubuntu-xenial>.
[    8.197593] systemd[1]: Listening on Journal Socket (/dev/log).
[[0;32m  OK  [0m] Listening on Journal Socket (/dev/log).
[    8.230335] systemd[1]: Listening on LVM2 metadata daemon socket.
[[0;32m  OK  [0m] Listening on LVM2 metadata daemon socket.
[    8.233425] systemd[1]: Listening on Syslog Socket.
[[0;32m  OK  [0m] Listening on Syslog Socket.
[    8.236204] systemd[1]: Listening on Journal Audit Socket.
[[0;32m  OK  [0m] Listening on Journal Audit Socket.
[    8.249239] systemd[1]: Listening on LVM2 poll daemon socket.
[[0;32m  OK  [0m] Listening on LVM2 poll daemon socket.
[    8.258515] systemd[1]: Reached target System Time Synchronized.
[[0;32m  OK  [0m] Reached target System Time Synchronized.
[    8.261628] systemd[1]: Reached target User and Group Name Lookups.
[[0;32m  OK  [0m] Reached target User and Group Name Lookups.
[    8.264983] systemd[1]: Started Trigger resolvconf update for networkd DNS.
[[0;32m  OK  [0m] Started Trigger resolvconf update for networkd DNS.
[    8.583026] systemd[1]: Listening on Device-mapper event daemon FIFOs.
[[0;32m  OK  [0m] Listening on Device-mapper event daemon FIFOs.
[    8.594006] systemd[1]: Reached target Swap.
[[0;32m  OK  [0m] Reached target Swap.
[    9.116835] systemd[1]: Listening on /dev/initctl Compatibility Named Pipe.
[[0;32m  OK  [0m] Listening on /dev/initctl Compatibility Named Pipe.
[    9.128187] systemd[1]: Listening on Journal Socket.
[[0;32m  OK  [0m] Listening on Journal Socket.
[    9.131326] systemd[1]: Created slice User and Session Slice.
[[0;32m  OK  [0m] Created slice User and Session Slice.
[    9.134325] systemd[1]: Started Forward Password Requests to Wall Directory Watch.
[[0;32m  OK  [0m] Started Forward Password Requests to Wall Directory Watch.
[    9.138566] systemd[1]: Set up automount Arbitrary Executable File Formats File System Automount Point.
[[0;32m  OK  [0m] Set up automount Arbitrary Executab...ats File System Automount Point.
[    9.143139] systemd[1]: Listening on udev Control Socket.
[[0;32m  OK  [0m] Listening on udev Control Socket.
[    9.167259] systemd[1]: Created slice System Slice.
[[0;32m  OK  [0m] Created slice System Slice.
[    9.183387] systemd[1]: Starting Monitoring of LVM2 mirrors, snapshots etc. using dmeventd or progress polling...
         Starting Monitoring of LVM2 mirrors... dmeventd or progress polling...
[    9.196302] systemd[1]: Starting Create list of required static device nodes for the current kernel...
         Starting Create list of required st... nodes for the current kernel...
[    9.201363] systemd[1]: Starting Nameserver information manager...
         Starting Nameserver information manager...
[    9.227267] systemd[1]: Mounting POSIX Message Queue File System...
         Mounting POSIX Message Queue File System...
[    9.232070] systemd[1]: Starting Journal Service...
         Starting Journal Service...
[    9.239533] systemd[1]: Mounting Huge Pages File System...
         Mounting Huge Pages File System...
[    9.242711] systemd[1]: Created slice system-postgresql.slice.
[[0;32m  OK  [0m] Created slice system-postgresql.slice.
[    9.291075] systemd[1]: Starting Set console keymap...
         Starting Set console keymap...
[    9.294526] systemd[1]: Starting Remount Root and Kernel File Systems...
         Starting Remount Root and Kernel File Systems...
[    9.303239] systemd[1]: Created slice system-serial\x2dgetty.slice.
[[0;32m  OK  [0m] Created slice system-serial\x2dgetty.slice.
[    9.307986] systemd[1]: Starting Uncomplicated firewall...
         Starting Uncomplicated firewall...
[    9.358588] systemd[1]: Starting Load Kernel Modules...
         Starting Load Kernel Modules...
[    9.361256] systemd[1]: Reached target Slices.
[[0;32m  OK  [0m] Reached target Slices.
[    9.365147] systemd[1]: Mounting Debug File System...
         Mounting Debug File System...
[    9.368178] systemd[1]: Reached target Encrypted Volumes.
[[0;32m  OK  [0m] Reached target Encrypted Volumes.
[    9.371435] systemd[1]: Listening on udev Kernel Socket.
[[0;32m  OK  [0m] Listening on udev Kernel Socket.
[    9.376460] systemd[1]: Started Create list of required static device nodes for the current kernel.
[[0;32m  OK  [0m] Started Create list of required sta...ce nodes for the current kernel.
[    9.397818] systemd[1]: Started Uncomplicated firewall.
[[0;32m  OK  [0m] Started Uncomplicated firewall.
[    9.451277] systemd[1]: Starting Create Static Device Nodes in /dev...
         Starting Create Static Device Nodes in /dev...
[    9.467577] Loading iSCSI transport class v2.0-870.
[    9.623053] iscsi: registered transport (tcp)
[    9.655424] systemd[1]: Mounted POSIX Message Queue File System.
[    9.657242] EXT4-fs (sda1): re-mounted. Opts: (null)
[[0;32m  OK  [0m] Mounted POSIX Message Queue File System.
[    9.660816] systemd[1]: Mounted Huge Pages File System.
[[0;32m  OK  [0m] Mounted Huge Pages File System.
[    9.664780] systemd[1]: Mounted Debug File System.
[[0;32m  OK  [0m] Mounted Debug File System.
[    9.687512] systemd[1]: Started Remount Root and Kernel File Systems.
[[0;32m  OK  [0m] Started Remount Root and Kernel File Systems.
[    9.693415] systemd[1]: Started Nameserver information manager.
[[0;32m  OK  [0m] Started Nameserver information manager.
[    9.739162] systemd[1]: Starting Load/Save Random Seed...
         Starting Load/Save Random Seed...
[    9.783355] systemd[1]: Starting udev Coldplug all Devices...
         Starting udev Coldplug all Devices...
[    9.805796] systemd[1]: Started Journal Service.
[[0;32m  OK  [0m] Started Journal Service.
         Starting Flush Journal to Persistent Storage...
[[0;32m  OK  [0m] Started LVM2 metadata daemon.
[    9.890053] systemd-journald[383]: Received request to flush runtime journal from PID 1
[[0;32m  OK  [0m] Started Set console keymap.
[[0;32m  OK  [0m] Started Flush Journal to Persistent Storage.
[[0;32m  OK  [0m] Started Load/Save Random Seed.
[[0;32m  OK  [0m] Started udev Coldplug all Devices.
[   10.179919] iscsi: registered transport (iser)
[[0;32m  OK  [0m] Started Load Kernel Modules.
         Starting Apply Kernel Variables...
         Mounting FUSE Control File System...
[[0;32m  OK  [0m] Mounted FUSE Control File System.
[[0;32m  OK  [0m] Started Apply Kernel Variables.
[[0;32m  OK  [0m] Started Monitoring of LVM2 mirrors,...ng dmeventd or progress polling.
[[0;32m  OK  [0m] Started Create Static Device Nodes in /dev.
         Starting udev Kernel Device Manager...
[[0;32m  OK  [0m] Reached target Local File Systems (Pre).
[[0;32m  OK  [0m] Reached target Local File Systems.
         Starting Create Volatile Files and Directories...
         Starting Tell Plymouth To Write Out Runtime Data...
         Starting LSB: AppArmor initialization...
         Starting Initial cloud-init job (pre-networking)...
         Starting Set console font and keymap...
[[0;32m  OK  [0m] Started Tell Plymouth To Write Out Runtime Data.
[[0;32m  OK  [0m] Started Create Volatile Files and Directories.
         Starting Update UTMP about System Boot/Shutdown...
[[0;32m  OK  [0m] Started Update UTMP about System Boot/Shutdown.
[[0;32m  OK  [0m] Started udev Kernel Device Manager.
[[0;32m  OK  [0m] Started Dispatch Password Requests to Console Directory Watch.
[[0;32m  OK  [0m] Found device /dev/ttyS0.
[[0;32m  OK  [0m] Listening on Load/Save RF Kill Switch Status /dev/rfkill Watch.
[[0;32m  OK  [0m] Found device 82540EM Gigabit Ethern...r (PRO/1000 MT Desktop Adapter).
[[0;32m  OK  [0m] Started LSB: AppArmor initialization.
[[0;32m  OK  [0m] Started Set console font and keymap.
[[0;32m  OK  [0m] Created slice system-getty.slice.
[   17.145334] cloud-init[476]: Cloud-init v. 18.5-45-g3554ffe8-0ubuntu1~16.04.1 running 'init-local' at Sun, 19 May 2019 19:49:41 +0000. Up 15.74 seconds.
[[0;32m  OK  [0m] Started Initial cloud-init job (pre-networking).
[[0;32m  OK  [0m] Reached target Network (Pre).
         Starting Raise network interfaces...
[[0;32m  OK  [0m] Started ifup for enp0s3.
[[0;32m  OK  [0m] Started Raise network interfaces.
[[0;32m  OK  [0m] Reached target Network.
         Starting Initial cloud-init job (metadata service crawler)...
[   19.138352] cloud-init[974]: Cloud-init v. 18.5-45-g3554ffe8-0ubuntu1~16.04.1 running 'init' at Sun, 19 May 2019 19:49:43 +0000. Up 18.21 seconds.
[   19.144516] cloud-init[974]: ci-info: ++++++++++++++++++++++++++++++++++++++Net device info++++++++++++++++++++++++++++++++++++++
[   19.146578] cloud-init[974]: ci-info: +--------+------+----------------------------+---------------+--------+-------------------+
[   19.148185] cloud-init[974]: ci-info: | Device |  Up  |          Address           |      Mask     | Scope  |     Hw-Address    |
[   19.149907] cloud-init[974]: ci-info: +--------+------+----------------------------+---------------+--------+-------------------+
[   19.151738] cloud-init[974]: ci-info: | enp0s3 | True |         10.0.2.15          | 255.255.255.0 | global | 02:11:c2:af:aa:45 |
[   19.160503] cloud-init[974]: ci-info: | enp0s3 | True | fe80::11:c2ff:feaf:aa45/64 |       .       |  link  | 02:11:c2:af:aa:45 |
[   19.162280] cloud-init[974]: ci-info: |   lo   | True |         127.0.0.1          |   255.0.0.0   |  host  |         .         |
[   19.164209] cloud-init[974]: ci-info: |   lo   | True |          ::1/128           |       .       |  host  |         .         |
[   19.166087] cloud-init[974]: ci-info: +--------+------+----------------------------+---------------+--------+-------------------+
[   19.168037] cloud-init[974]: ci-info: +++++++++++++++++++++++++++Route IPv4 info++++++++++++++++++++++++++++
[   19.169630] cloud-init[974]: ci-info: +-------+-------------+----------+---------------+-----------+-------+
[   19.176640] cloud-init[974]: ci-info: | Route | Destination | Gateway  |    Genmask    | Interface | Flags |
[   19.178495] cloud-init[974]: ci-info: +-------+-------------+----------+---------------+-----------+-------+
[   19.180200] cloud-init[974]: ci-info: |   0   |   0.0.0.0   | 10.0.2.2 |    0.0.0.0    |   enp0s3  |   UG  |
[   19.181875] cloud-init[974]: ci-info: |   1   |   10.0.2.0  | 0.0.0.0  | 255.255.255.0 |   enp0s3  |   U   |
[   19.183284] cloud-init[974]: ci-info: +-------+-------------+----------+---------------+-----------+-------+
[   19.184593] cloud-init[974]: ci-info: +++++++++++++++++++Route IPv6 info+++++++++++++++++++
[   19.200393] cloud-init[974]: ci-info: +-------+-------------+---------+-----------+-------+
[   19.200582] cloud-init[974]: ci-info: | Route | Destination | Gateway | Interface | Flags |
[   19.201097] cloud-init[974]: ci-info: +-------+-------------+---------+-----------+-------+
[   19.201228] cloud-init[974]: ci-info: |   0   |  fe80::/64  |    ::   |   enp0s3  |   U   |
[   19.201603] cloud-init[974]: ci-info: |   3   |   ff00::/8  |    ::   |   enp0s3  |   U   |
[   19.201850] cloud-init[974]: ci-info: +-------+-------------+---------+-----------+-------+
[[0;32m  OK  [0m] Started Initial cloud-init job (metadata service crawler).
[[0;32m  OK  [0m] Reached target System Initialization.
         Starting LXD - unix socket.
[[0;32m  OK  [0m] Listening on D-Bus System Message Bus Socket.
[[0;32m  OK  [0m] Started Daily apt download activities.
[[0;32m  OK  [0m] Listening on UUID daemon activation socket.
[[0;32m  OK  [0m] Started Daily Cleanup of Temporary Directories.
         Starting Socket activation for snappy daemon.
[[0;32m  OK  [0m] Started ACPI Events Check.
[[0;32m  OK  [0m] Reached target Paths.
[[0;32m  OK  [0m] Listening on ACPID Listen Socket.
[[0;32m  OK  [0m] Started Daily apt upgrade and clean activities.
[[0;32m  OK  [0m] Reached target Timers.
[[0;32m  OK  [0m] Reached target Network is Online.
         Starting iSCSI initiator daemon (iscsid)...
[[0;32m  OK  [0m] Reached target Cloud-config availability.
[[0;32m  OK  [0m] Listening on LXD - unix socket.
[[0;32m  OK  [0m] Listening on Socket activation for snappy daemon.
[[0;32m  OK  [0m] Reached target Sockets.
[[0;32m  OK  [0m] Reached target Basic System.
         Starting System Logging Service...
         Starting LSB: MD monitoring daemon...
         Starting Accounts Service...
         Starting LXD - container startup/shutdown...
         Starting Snappy daemon...
         Starting PostgreSQL Cluster 9.5-main...
[[0;32m  OK  [0m] Started Regular background program processing daemon.
         Starting OpenBSD Secure Shell server...
[[0;32m  OK  [0m] Started D-Bus System Message Bus.
         Starting Virtualbox guest utils...
[[0;32m  OK  [0m] Started Deferred execution scheduler.
         Starting Login Service...
[[0;32m  OK  [0m] Started ACPI event daemon.
[[0;32m  OK  [0m] Started FUSE filesystem for LXC.
         Starting LSB: Record successful boot for GRUB...
[[0;32m  OK  [0m] Started Unattended Upgrades Shutdown.
         Starting /etc/rc.local Compatibility...
[[0;32m  OK  [0m] Started System Logging Service.
[[0;32m  OK  [0m] Started /etc/rc.local Compatibility.
[[0;32m  OK  [0m] Started Login Service.
[[0;32m  OK  [0m] Started iSCSI initiator daemon (iscsid).
         Starting Login to default iSCSI targets...
[[0;32m  OK  [0m] Started OpenBSD Secure Shell server.
[[0;32m  OK  [0m] Started LSB: MD monitoring daemon.
         Starting Authenticate and Authorize Users to Run Privileged Tasks...
[[0;32m  OK  [0m] Started Login to default iSCSI targets.
[[0;32m  OK  [0m] Reached target Remote File Systems (Pre).
[[0;32m  OK  [0m] Reached target Remote File Systems.
         Starting LSB: daemon to balance interrupts for SMP systems...
         Starting Permit User Sessions...
         Starting LSB: automatic crash report generation...
         Starting LSB: Start/stop sysstat's sadc...
         Starting LSB: Set the CPU Frequency Scaling governor to "ondemand"...
[[0;32m  OK  [0m] Started LSB: Set the CPU Frequency Scaling governor to "ondemand".
[[0;32m  OK  [0m] Started Permit User Sessions.
         Starting Terminate Plymouth Boot Screen...
         Starting Hold until boot process finishes up...
[[0;32m  OK  [0m] Started Hold until boot process finishes up.
[[0;32m  OK  [0m] Started Terminate Plymouth Boot Screen.
[[0;32m  OK  [0m] Started Getty on tty1.
         Starting Set console scheme...
[[0;32m  OK  [0m] Started Serial Getty on ttyS0.
[[0;32m  OK  [0m] Reached target Login Prompts.
[[0;32m  OK  [0m] Started LSB: Record successful boot for GRUB.
[[0;32m  OK  [0m] Started LSB: daemon to balance interrupts for SMP systems.
[[0;32m  OK  [0m] Started LSB: Start/stop sysstat's sadc.
[[0;32m  OK  [0m] Started LSB: automatic crash report generation.
[[0;32m  OK  [0m] Started Set console scheme.
[[0;32m  OK  [0m] Started Authenticate and Authorize Users to Run Privileged Tasks.
[[0;32m  OK  [0m] Started Accounts Service.
[[0;32m  OK  [0m] Started Virtualbox guest utils.
[[0;32m  OK  [0m] Started Snappy daemon.
         Starting Wait until snapd is fully seeded...
[[0;32m  OK  [0m] Started Wait until snapd is fully seeded.
         Starting Apply the settings specified in cloud-config...
[[0;32m  OK  [0m] Started LXD - container startup/shutdown.
[[0;32m  OK  [0m] Created slice User Slice of vagrant.
         Starting User Manager for UID 1000...
[[0;32m  OK  [0m] Started Session 1 of user vagrant.
[[0;32m  OK  [0m] Started User Manager for UID 1000.
[   24.986616] cloud-init[1236]: Cloud-init v. 18.5-45-g3554ffe8-0ubuntu1~16.04.1 running 'modules:config' at Sun, 19 May 2019 19:49:50 +0000. Up 24.48 seconds.
[[0;32m  OK  [0m] Started Apply the settings specified in cloud-config.

Ubuntu 16.04.6 LTS ubuntu-xenial ttyS0

ubuntu-xenial login: [   29.089989] cloud-init[1348]: Cloud-init v. 18.5-45-g3554ffe8-0ubuntu1~16.04.1 running 'modules:final' at Sun, 19 May 2019 19:49:54 +0000. Up 28.78 seconds.
[   29.090240] cloud-init[1348]: Cloud-init v. 18.5-45-g3554ffe8-0ubuntu1~16.04.1 finished at Sun, 19 May 2019 19:49:54 +0000. Datasource DataSourceNoCloud [seed=/dev/sdb][dsmode=net].  Up 29.07 seconds
